// Jest Snapshot v1, https://goo.gl/fbAQLP

exports[`
 ___| Add New Stack |___ 	Initialization process Renders the Stack Management component 1`] = `ShallowWrapper {}`;

exports[`
 ___| Export New Stack |___ 	Initialization process Renders the ManageCards component 1`] = `ShallowWrapper {}`;

exports[`
 ___| Remove current stack |___  	Initialization process Renders the ManageCards component 1`] = `ShallowWrapper {}`;

exports[`
 __| Stack Management |__ Initialization process Renders the CardSet component 1`] = `ShallowWrapper {}`;
